🎲🎲🎲 EXIT CODE: 0 🎲🎲🎲
🟥🟥🟥 STDERR️️ 🟥🟥🟥️
Usage:
  grpc-cli rpc test.Api Echo [flags]

ARGS:
  str              string
  int32            int32
  int64            int64
  uint32           uint32
  uint64           uint64
  double           double
  bool             bool
  enum             enum(enum_value1, enum_value2)
  nested           message
  wrapper_str      message
  wrapper_int32    message
  wrapper_uint32   message
  wrapper_int64    message
  wrapper_uint64   message
  strs             string
  enums            enum(enum_value1, enum_value2)
  nesteds          message
  wrapper_strs     message

Flags:
  -h, --help   help for Echo

Global Flags:
      --ca-cert string      Root CA you want to use. Use system by default
      --cert string         Client certificate path. (PEM format)
  -c, --config string       Path to the config file (default "~/.config/grpc-cli/config.yaml")
  -d, --descriptor string   Path to the descriptor file
      --disable-tls         Enable verbose
      --key string          Client key path. (PEM format)
  -m, --metadata test       Metadata to attache to the request
  -p, --profile string      Config profile to load (default "default")
  -t, --target string       The grpc connection target
  -v, --verbose             Enable verbose
